Reusing configuration cache.
> Task :app:preBuild UP-TO-DATE
> Task :logger:preBuild UP-TO-DATE
> Task :app:preDebugBuild UP-TO-DATE
> Task :logger:preDebugBuild UP-TO-DATE
> Task :app:checkKotlinGradlePluginConfigurationErrors
> Task :logger:generateDebugResValues UP-TO-DATE
> Task :logger:extractDebugSupportedLocales UP-TO-DATE
> Task :logger:generateDebugResources UP-TO-DATE
> Task :logger:packageDebugResources UP-TO-DATE
> Task :logger:parseDebugLocalResources UP-TO-DATE
> Task :logger:generateDebugRFile UP-TO-DATE
> Task :app:generateDebugBuildConfig UP-TO-DATE
> Task :logger:writeDebugAarMetadata UP-TO-DATE
> Task :app:dataBindingMergeDependencyArtifactsDebug UP-TO-DATE
> Task :app:generateDebugResValues UP-TO-DATE
> Task :app:checkDebugAarMetadata UP-TO-DATE
> Task :app:extractDebugSupportedLocales UP-TO-DATE
> Task :app:generateSafeArgsDebug UP-TO-DATE
> Task :app:generateDebugResources UP-TO-DATE
> Task :app:extractDeepLinksDebug UP-TO-DATE
> Task :logger:extractDeepLinksDebug UP-TO-DATE
> Task :app:mapDebugSourceSetPaths UP-TO-DATE
> Task :logger:processDebugManifest UP-TO-DATE
> Task :logger:compileDebugLibraryResources UP-TO-DATE
> Task :logger:checkKotlinGradlePluginConfigurationErrors
> Task :logger:compileDebugKotlin UP-TO-DATE
> Task :logger:javaPreCompileDebug UP-TO-DATE
> Task :app:processDebugMainManifest UP-TO-DATE
> Task :logger:compileDebugJavaWithJavac NO-SOURCE
> Task :logger:bundleLibCompileToJarDebug UP-TO-DATE
> Task :app:createDebugCompatibleScreenManifests UP-TO-DATE
> Task :app:processDebugManifest UP-TO-DATE
> Task :app:processDebugManifestForPackage UP-TO-DATE
> Task :app:generateDebugLocaleConfig UP-TO-DATE
> Task :app:packageDebugResources UP-TO-DATE
> Task :app:parseDebugLocalResources UP-TO-DATE
> Task :app:mergeDebugResources UP-TO-DATE
> Task :app:dataBindingGenBaseClassesDebug UP-TO-DATE
> Task :app:processDebugResources UP-TO-DATE
> Task :app:kspDebugKotlin
> Task :app:compileDebugKotlin

BUILD SUCCESSFUL in 7s
36 actionable tasks: 4 executed, 32 up-to-date
Configuration cache entry reused.
